9!<init>:()V@TourElement
1!<clinit>:()V@Tsp
6!<clinit>:()V@Tsp
10!<clinit>:()V@Tsp
15!<clinit>:()V@Tsp
7!main:([Ljava/lang/String;)V@Tsp
25!main:([Ljava/lang/String;)V@Tsp
29!main:([Ljava/lang/String;)V@Tsp
37!main:([Ljava/lang/String;)V@Tsp
57!main:([Ljava/lang/String;)V@Tsp
62!main:([Ljava/lang/String;)V@Tsp
69!main:([Ljava/lang/String;)V@Tsp
123!main:([Ljava/lang/String;)V@Tsp
127!main:([Ljava/lang/String;)V@Tsp
128!main:([Ljava/lang/String;)V@Tsp
132!main:([Ljava/lang/String;)V@Tsp
135!main:([Ljava/lang/String;)V@Tsp
136!main:([Ljava/lang/String;)V@Tsp
140!main:([Ljava/lang/String;)V@Tsp
142!main:([Ljava/lang/String;)V@Tsp
145!main:([Ljava/lang/String;)V@Tsp
149!main:([Ljava/lang/String;)V@Tsp
151!main:([Ljava/lang/String;)V@Tsp
154!main:([Ljava/lang/String;)V@Tsp
158!main:([Ljava/lang/String;)V@Tsp
160!main:([Ljava/lang/String;)V@Tsp
168!main:([Ljava/lang/String;)V@Tsp
172!main:([Ljava/lang/String;)V@Tsp
174!main:([Ljava/lang/String;)V@Tsp
177!main:([Ljava/lang/String;)V@Tsp
181!main:([Ljava/lang/String;)V@Tsp
182!main:([Ljava/lang/String;)V@Tsp
186!main:([Ljava/lang/String;)V@Tsp
187!main:([Ljava/lang/String;)V@Tsp
190!main:([Ljava/lang/String;)V@Tsp
194!main:([Ljava/lang/String;)V@Tsp
225!main:([Ljava/lang/String;)V@Tsp
236!main:([Ljava/lang/String;)V@Tsp
262!main:([Ljava/lang/String;)V@Tsp
284!main:([Ljava/lang/String;)V@Tsp
293!main:([Ljava/lang/String;)V@Tsp
320!main:([Ljava/lang/String;)V@Tsp
335!main:([Ljava/lang/String;)V@Tsp
362!main:([Ljava/lang/String;)V@Tsp
377!main:([Ljava/lang/String;)V@Tsp
389!main:([Ljava/lang/String;)V@Tsp
397!main:([Ljava/lang/String;)V@Tsp
400!main:([Ljava/lang/String;)V@Tsp
271!main:([Ljava/lang/String;)V@Tsp
252!main:([Ljava/lang/String;)V@Tsp
205!main:([Ljava/lang/String;)V@Tsp
208!main:([Ljava/lang/String;)V@Tsp
214!main:([Ljava/lang/String;)V@Tsp
218!main:([Ljava/lang/String;)V@Tsp
93!main:([Ljava/lang/String;)V@Tsp
104!main:([Ljava/lang/String;)V@Tsp
105!main:([Ljava/lang/String;)V@Tsp
116!main:([Ljava/lang/String;)V@Tsp
25!read_tsp:(Ljava/lang/String;)I@Tsp
31!read_tsp:(Ljava/lang/String;)I@Tsp
64!read_tsp:(Ljava/lang/String;)I@Tsp
68!read_tsp:(Ljava/lang/String;)I@Tsp
84!read_tsp:(Ljava/lang/String;)I@Tsp
108!read_tsp:(Ljava/lang/String;)I@Tsp
8!<clinit>:()V@TspSolver
15!<clinit>:()V@TspSolver
26!<clinit>:()V@TspSolver
37!<clinit>:()V@TspSolver
48!<clinit>:()V@TspSolver
57!<clinit>:()V@TspSolver
65!<clinit>:()V@TspSolver
74!<clinit>:()V@TspSolver
9!<init>:()V@TspSolver
17!<init>:()V@TspSolver
70!MakeTourString:(I[I)V@TspSolver
75!MakeTourString:(I[I)V@TspSolver
10!MakeTourString:(I[I)V@TspSolver
22!MakeTourString:(I[I)V@TspSolver
39!MakeTourString:(I[I)V@TspSolver
56!MakeTourString:(I[I)V@TspSolver
45!MakeTourString:(I[I)V@TspSolver
0!calc_bound:(I)I@TspSolver
4!calc_bound:(I)I@TspSolver
7!calc_bound:(I)I@TspSolver
16!calc_bound:(I)I@TspSolver
19!calc_bound:(I)I@TspSolver
30!calc_bound:(I)I@TspSolver
174!calc_bound:(I)I@TspSolver
179!calc_bound:(I)I@TspSolver
182!calc_bound:(I)I@TspSolver
193!calc_bound:(I)I@TspSolver
369!calc_bound:(I)I@TspSolver
374!calc_bound:(I)I@TspSolver
381!calc_bound:(I)I@TspSolver
386!calc_bound:(I)I@TspSolver
390!calc_bound:(I)I@TspSolver
201!calc_bound:(I)I@TspSolver
224!calc_bound:(I)I@TspSolver
351!calc_bound:(I)I@TspSolver
357!calc_bound:(I)I@TspSolver
324!calc_bound:(I)I@TspSolver
335!calc_bound:(I)I@TspSolver
230!calc_bound:(I)I@TspSolver
234!calc_bound:(I)I@TspSolver
236!calc_bound:(I)I@TspSolver
244!calc_bound:(I)I@TspSolver
257!calc_bound:(I)I@TspSolver
261!calc_bound:(I)I@TspSolver
268!calc_bound:(I)I@TspSolver
273!calc_bound:(I)I@TspSolver
276!calc_bound:(I)I@TspSolver
38!calc_bound:(I)I@TspSolver
50!calc_bound:(I)I@TspSolver
53!calc_bound:(I)I@TspSolver
59!calc_bound:(I)I@TspSolver
62!calc_bound:(I)I@TspSolver
65!calc_bound:(I)I@TspSolver
68!calc_bound:(I)I@TspSolver
71!calc_bound:(I)I@TspSolver
75!calc_bound:(I)I@TspSolver
78!calc_bound:(I)I@TspSolver
83!calc_bound:(I)I@TspSolver
86!calc_bound:(I)I@TspSolver
91!calc_bound:(I)I@TspSolver
92!calc_bound:(I)I@TspSolver
94!calc_bound:(I)I@TspSolver
95!calc_bound:(I)I@TspSolver
99!calc_bound:(I)I@TspSolver
102!calc_bound:(I)I@TspSolver
105!calc_bound:(I)I@TspSolver
108!calc_bound:(I)I@TspSolver
109!calc_bound:(I)I@TspSolver
112!calc_bound:(I)I@TspSolver
117!calc_bound:(I)I@TspSolver
120!calc_bound:(I)I@TspSolver
128!calc_bound:(I)I@TspSolver
133!calc_bound:(I)I@TspSolver
143!calc_bound:(I)I@TspSolver
146!calc_bound:(I)I@TspSolver
149!calc_bound:(I)I@TspSolver
155!calc_bound:(I)I@TspSolver
159!calc_bound:(I)I@TspSolver
0!find_solvable_tour:()I@TspSolver
7!find_solvable_tour:()I@TspSolver
18!find_solvable_tour:()I@TspSolver
296!find_solvable_tour:()I@TspSolver
24!find_solvable_tour:()I@TspSolver
28!find_solvable_tour:()I@TspSolver
33!find_solvable_tour:()I@TspSolver
39!find_solvable_tour:()I@TspSolver
42!find_solvable_tour:()I@TspSolver
57!find_solvable_tour:()I@TspSolver
60!find_solvable_tour:()I@TspSolver
63!find_solvable_tour:()I@TspSolver
70!find_solvable_tour:()I@TspSolver
73!find_solvable_tour:()I@TspSolver
80!find_solvable_tour:()I@TspSolver
83!find_solvable_tour:()I@TspSolver
86!find_solvable_tour:()I@TspSolver
91!find_solvable_tour:()I@TspSolver
97!find_solvable_tour:()I@TspSolver
115!find_solvable_tour:()I@TspSolver
119!find_solvable_tour:()I@TspSolver
122!find_solvable_tour:()I@TspSolver
126!find_solvable_tour:()I@TspSolver
130!find_solvable_tour:()I@TspSolver
231!find_solvable_tour:()I@TspSolver
235!find_solvable_tour:()I@TspSolver
236!find_solvable_tour:()I@TspSolver
243!find_solvable_tour:()I@TspSolver
257!find_solvable_tour:()I@TspSolver
260!find_solvable_tour:()I@TspSolver
278!find_solvable_tour:()I@TspSolver
281!find_solvable_tour:()I@TspSolver
287!find_solvable_tour:()I@TspSolver
291!find_solvable_tour:()I@TspSolver
175!find_solvable_tour:()I@TspSolver
182!find_solvable_tour:()I@TspSolver
191!find_solvable_tour:()I@TspSolver
194!find_solvable_tour:()I@TspSolver
201!find_solvable_tour:()I@TspSolver
204!find_solvable_tour:()I@TspSolver
211!find_solvable_tour:()I@TspSolver
218!find_solvable_tour:()I@TspSolver
49!find_solvable_tour:()I@TspSolver
0!get_tour:(I)I@TspSolver
11!get_tour:(I)I@TspSolver
14!get_tour:(I)I@TspSolver
20!get_tour:(I)I@TspSolver
24!get_tour:(I)I@TspSolver
1!less_than:(LPrioQElement;LPrioQElement;)Z@TspSolver
5!less_than:(LPrioQElement;LPrioQElement;)Z@TspSolver
12!less_than:(LPrioQElement;LPrioQElement;)Z@TspSolver
16!less_than:(LPrioQElement;LPrioQElement;)Z@TspSolver
22!less_than:(LPrioQElement;LPrioQElement;)Z@TspSolver
26!less_than:(LPrioQElement;LPrioQElement;)Z@TspSolver
29!less_than:(LPrioQElement;LPrioQElement;)Z@TspSolver
30!less_than:(LPrioQElement;LPrioQElement;)Z@TspSolver
33!less_than:(LPrioQElement;LPrioQElement;)Z@TspSolver
37!less_than:(LPrioQElement;LPrioQElement;)Z@TspSolver
40!less_than:(LPrioQElement;LPrioQElement;)Z@TspSolver
41!less_than:(LPrioQElement;LPrioQElement;)Z@TspSolver
2!new_tour:(II)I@TspSolver
9!new_tour:(II)I@TspSolver
32!new_tour:(II)I@TspSolver
47!new_tour:(II)I@TspSolver
15!new_tour:(II)I@TspSolver
18!new_tour:(II)I@TspSolver
24!new_tour:(II)I@TspSolver
27!new_tour:(II)I@TspSolver
63!new_tour:(II)I@TspSolver
67!new_tour:(II)I@TspSolver
70!new_tour:(II)I@TspSolver
74!new_tour:(II)I@TspSolver
80!new_tour:(II)I@TspSolver
120!new_tour:(II)I@TspSolver
123!new_tour:(II)I@TspSolver
130!new_tour:(II)I@TspSolver
133!new_tour:(II)I@TspSolver
138!new_tour:(II)I@TspSolver
143!new_tour:(II)I@TspSolver
146!new_tour:(II)I@TspSolver
147!new_tour:(II)I@TspSolver
149!new_tour:(II)I@TspSolver
151!new_tour:(II)I@TspSolver
156!new_tour:(II)I@TspSolver
162!new_tour:(II)I@TspSolver
168!new_tour:(II)I@TspSolver
172!new_tour:(II)I@TspSolver
176!new_tour:(II)I@TspSolver
183!new_tour:(II)I@TspSolver
88!new_tour:(II)I@TspSolver
94!new_tour:(II)I@TspSolver
98!new_tour:(II)I@TspSolver
99!new_tour:(II)I@TspSolver
104!new_tour:(II)I@TspSolver
107!new_tour:(II)I@TspSolver
0!recursive_solve:(I)V@TspSolver
4!recursive_solve:(I)V@TspSolver
10!recursive_solve:(I)V@TspSolver
13!recursive_solve:(I)V@TspSolver
19!recursive_solve:(I)V@TspSolver
24!recursive_solve:(I)V@TspSolver
30!recursive_solve:(I)V@TspSolver
53!recursive_solve:(I)V@TspSolver
91!recursive_solve:(I)V@TspSolver
94!recursive_solve:(I)V@TspSolver
100!recursive_solve:(I)V@TspSolver
116!recursive_solve:(I)V@TspSolver
133!recursive_solve:(I)V@TspSolver
146!recursive_solve:(I)V@TspSolver
154!recursive_solve:(I)V@TspSolver
165!recursive_solve:(I)V@TspSolver
169!recursive_solve:(I)V@TspSolver
192!recursive_solve:(I)V@TspSolver
196!recursive_solve:(I)V@TspSolver
201!recursive_solve:(I)V@TspSolver
60!recursive_solve:(I)V@TspSolver
66!recursive_solve:(I)V@TspSolver
70!recursive_solve:(I)V@TspSolver
71!recursive_solve:(I)V@TspSolver
73!recursive_solve:(I)V@TspSolver
77!recursive_solve:(I)V@TspSolver
81!recursive_solve:(I)V@TspSolver
83!recursive_solve:(I)V@TspSolver
37!recursive_solve:(I)V@TspSolver
42!recursive_solve:(I)V@TspSolver
1!set_best:(I[I)V@TspSolver
8!set_best:(I[I)V@TspSolver
15!set_best:(I[I)V@TspSolver
22!set_best:(I[I)V@TspSolver
28!set_best:(I[I)V@TspSolver
34!set_best:(I[I)V@TspSolver
40!set_best:(I[I)V@TspSolver
41!set_best:(I[I)V@TspSolver
0!split_tour:(I)V@TspSolver
7!split_tour:(I)V@TspSolver
11!split_tour:(I)V@TspSolver
16!split_tour:(I)V@TspSolver
19!split_tour:(I)V@TspSolver
29!split_tour:(I)V@TspSolver
34!split_tour:(I)V@TspSolver
37!split_tour:(I)V@TspSolver
44!split_tour:(I)V@TspSolver
50!split_tour:(I)V@TspSolver
54!split_tour:(I)V@TspSolver
57!split_tour:(I)V@TspSolver
61!split_tour:(I)V@TspSolver
92!split_tour:(I)V@TspSolver
97!split_tour:(I)V@TspSolver
140!split_tour:(I)V@TspSolver
144!split_tour:(I)V@TspSolver
147!split_tour:(I)V@TspSolver
156!split_tour:(I)V@TspSolver
171!split_tour:(I)V@TspSolver
187!split_tour:(I)V@TspSolver
193!split_tour:(I)V@TspSolver
198!split_tour:(I)V@TspSolver
203!split_tour:(I)V@TspSolver
209!split_tour:(I)V@TspSolver
216!split_tour:(I)V@TspSolver
219!split_tour:(I)V@TspSolver
228!split_tour:(I)V@TspSolver
233!split_tour:(I)V@TspSolver
254!split_tour:(I)V@TspSolver
261!split_tour:(I)V@TspSolver
270!split_tour:(I)V@TspSolver
273!split_tour:(I)V@TspSolver
280!split_tour:(I)V@TspSolver
283!split_tour:(I)V@TspSolver
290!split_tour:(I)V@TspSolver
297!split_tour:(I)V@TspSolver
314!split_tour:(I)V@TspSolver
319!split_tour:(I)V@TspSolver
2!visit_nodes:(I)V@TspSolver
7!visit_nodes:(I)V@TspSolver
13!visit_nodes:(I)V@TspSolver
20!visit_nodes:(I)V@TspSolver
24!visit_nodes:(I)V@TspSolver
31!visit_nodes:(I)V@TspSolver
35!visit_nodes:(I)V@TspSolver
37!visit_nodes:(I)V@TspSolver
47!visit_nodes:(I)V@TspSolver
52!visit_nodes:(I)V@TspSolver
62!visit_nodes:(I)V@TspSolver
67!visit_nodes:(I)V@TspSolver
69!visit_nodes:(I)V@TspSolver
74!visit_nodes:(I)V@TspSolver
80!visit_nodes:(I)V@TspSolver
84!visit_nodes:(I)V@TspSolver
87!visit_nodes:(I)V@TspSolver
92!visit_nodes:(I)V@TspSolver
96!visit_nodes:(I)V@TspSolver
99!visit_nodes:(I)V@TspSolver
164!visit_nodes:(I)V@TspSolver
167!visit_nodes:(I)V@TspSolver
105!visit_nodes:(I)V@TspSolver
109!visit_nodes:(I)V@TspSolver
110!visit_nodes:(I)V@TspSolver
113!visit_nodes:(I)V@TspSolver
122!visit_nodes:(I)V@TspSolver
129!visit_nodes:(I)V@TspSolver
132!visit_nodes:(I)V@TspSolver
139!visit_nodes:(I)V@TspSolver
143!visit_nodes:(I)V@TspSolver
151!visit_nodes:(I)V@TspSolver
157!visit_nodes:(I)V@TspSolver
180!visit_nodes:(I)V@TspSolver
185!visit_nodes:(I)V@TspSolver
190!visit_nodes:(I)V@TspSolver
195!visit_nodes:(I)V@TspSolver
199!visit_nodes:(I)V@TspSolver
204!visit_nodes:(I)V@TspSolver
