1!<init>:()V@PrioQElement
1!<init>:()V@TourElement
12!main:([Ljava/lang/String;)V@Tsp
26!main:([Ljava/lang/String;)V@Tsp
42!main:([Ljava/lang/String;)V@Tsp
46!main:([Ljava/lang/String;)V@Tsp
49!main:([Ljava/lang/String;)V@Tsp
66!main:([Ljava/lang/String;)V@Tsp
76!main:([Ljava/lang/String;)V@Tsp
79!main:([Ljava/lang/String;)V@Tsp
164!main:([Ljava/lang/String;)V@Tsp
294!main:([Ljava/lang/String;)V@Tsp
312!main:([Ljava/lang/String;)V@Tsp
315!main:([Ljava/lang/String;)V@Tsp
327!main:([Ljava/lang/String;)V@Tsp
332!main:([Ljava/lang/String;)V@Tsp
338!main:([Ljava/lang/String;)V@Tsp
343!main:([Ljava/lang/String;)V@Tsp
353!main:([Ljava/lang/String;)V@Tsp
356!main:([Ljava/lang/String;)V@Tsp
359!main:([Ljava/lang/String;)V@Tsp
369!main:([Ljava/lang/String;)V@Tsp
374!main:([Ljava/lang/String;)V@Tsp
380!main:([Ljava/lang/String;)V@Tsp
383!main:([Ljava/lang/String;)V@Tsp
386!main:([Ljava/lang/String;)V@Tsp
394!main:([Ljava/lang/String;)V@Tsp
403!main:([Ljava/lang/String;)V@Tsp
272!main:([Ljava/lang/String;)V@Tsp
249!main:([Ljava/lang/String;)V@Tsp
101!main:([Ljava/lang/String;)V@Tsp
113!main:([Ljava/lang/String;)V@Tsp
9!read_tsp:(Ljava/lang/String;)I@Tsp
12!read_tsp:(Ljava/lang/String;)I@Tsp
19!read_tsp:(Ljava/lang/String;)I@Tsp
22!read_tsp:(Ljava/lang/String;)I@Tsp
39!read_tsp:(Ljava/lang/String;)I@Tsp
50!read_tsp:(Ljava/lang/String;)I@Tsp
58!read_tsp:(Ljava/lang/String;)I@Tsp
75!read_tsp:(Ljava/lang/String;)I@Tsp
81!read_tsp:(Ljava/lang/String;)I@Tsp
101!read_tsp:(Ljava/lang/String;)I@Tsp
105!read_tsp:(Ljava/lang/String;)I@Tsp
23!<clinit>:()V@TspSolver
34!<clinit>:()V@TspSolver
45!<clinit>:()V@TspSolver
1!<init>:()V@TspSolver
76!MakeTourString:(I[I)V@TspSolver
17!MakeTourString:(I[I)V@TspSolver
23!MakeTourString:(I[I)V@TspSolver
28!MakeTourString:(I[I)V@TspSolver
31!MakeTourString:(I[I)V@TspSolver
34!MakeTourString:(I[I)V@TspSolver
61!MakeTourString:(I[I)V@TspSolver
50!MakeTourString:(I[I)V@TspSolver
3!Worker:()V@TspSolver
16!Worker:()V@TspSolver
136!calc_bound:(I)I@TspSolver
106!find_solvable_tour:()I@TspSolver
111!find_solvable_tour:()I@TspSolver
140!find_solvable_tour:()I@TspSolver
167!find_solvable_tour:()I@TspSolver
275!find_solvable_tour:()I@TspSolver
25!get_tour:(I)I@TspSolver
39!new_tour:(II)I@TspSolver
44!new_tour:(II)I@TspSolver
50!new_tour:(II)I@TspSolver
53!new_tour:(II)I@TspSolver
56!new_tour:(II)I@TspSolver
60!new_tour:(II)I@TspSolver
187!new_tour:(II)I@TspSolver
107!recursive_solve:(I)V@TspSolver
112!recursive_solve:(I)V@TspSolver
119!recursive_solve:(I)V@TspSolver
122!recursive_solve:(I)V@TspSolver
125!recursive_solve:(I)V@TspSolver
129!recursive_solve:(I)V@TspSolver
161!recursive_solve:(I)V@TspSolver
170!recursive_solve:(I)V@TspSolver
175!recursive_solve:(I)V@TspSolver
178!recursive_solve:(I)V@TspSolver
181!recursive_solve:(I)V@TspSolver
202!recursive_solve:(I)V@TspSolver
1!run:()V@TspSolver
128!split_tour:(I)V@TspSolver
163!split_tour:(I)V@TspSolver
168!split_tour:(I)V@TspSolver
174!split_tour:(I)V@TspSolver
177!split_tour:(I)V@TspSolver
180!split_tour:(I)V@TspSolver
184!split_tour:(I)V@TspSolver
246!split_tour:(I)V@TspSolver
175!visit_nodes:(I)V@TspSolver
146!visit_nodes:(I)V@TspSolver
