6!<init>:(III)V@elevator.ButtonPress
11!<init>:(III)V@elevator.ButtonPress
16!<init>:(III)V@elevator.ButtonPress
11!<init>:(I)V@elevator.Controls
22!<init>:(I)V@elevator.Controls
33!<init>:(I)V@elevator.Controls
1!checkDown:(I)Z@elevator.Controls
5!checkDown:(I)Z@elevator.Controls
10!checkDown:(I)Z@elevator.Controls
14!checkDown:(I)Z@elevator.Controls
15!checkDown:(I)Z@elevator.Controls
35!checkDown:(I)Z@elevator.Controls
39!checkDown:(I)Z@elevator.Controls
40!checkDown:(I)Z@elevator.Controls
1!checkUp:(I)Z@elevator.Controls
5!checkUp:(I)Z@elevator.Controls
10!checkUp:(I)Z@elevator.Controls
14!checkUp:(I)Z@elevator.Controls
15!checkUp:(I)Z@elevator.Controls
35!checkUp:(I)Z@elevator.Controls
39!checkUp:(I)Z@elevator.Controls
40!checkUp:(I)Z@elevator.Controls
9!claimDown:(Ljava/lang/String;I)Z@elevator.Controls
13!claimDown:(Ljava/lang/String;I)Z@elevator.Controls
18!claimDown:(Ljava/lang/String;I)Z@elevator.Controls
22!claimDown:(Ljava/lang/String;I)Z@elevator.Controls
23!claimDown:(Ljava/lang/String;I)Z@elevator.Controls
30!claimDown:(Ljava/lang/String;I)Z@elevator.Controls
34!claimDown:(Ljava/lang/String;I)Z@elevator.Controls
36!claimDown:(Ljava/lang/String;I)Z@elevator.Controls
9!claimUp:(Ljava/lang/String;I)Z@elevator.Controls
13!claimUp:(Ljava/lang/String;I)Z@elevator.Controls
18!claimUp:(Ljava/lang/String;I)Z@elevator.Controls
22!claimUp:(Ljava/lang/String;I)Z@elevator.Controls
23!claimUp:(Ljava/lang/String;I)Z@elevator.Controls
30!claimUp:(Ljava/lang/String;I)Z@elevator.Controls
34!claimUp:(Ljava/lang/String;I)Z@elevator.Controls
36!claimUp:(Ljava/lang/String;I)Z@elevator.Controls
1!getDownPeople:(I)Ljava/util/Vector;@elevator.Controls
5!getDownPeople:(I)Ljava/util/Vector;@elevator.Controls
10!getDownPeople:(I)Ljava/util/Vector;@elevator.Controls
14!getDownPeople:(I)Ljava/util/Vector;@elevator.Controls
15!getDownPeople:(I)Ljava/util/Vector;@elevator.Controls
20!getDownPeople:(I)Ljava/util/Vector;@elevator.Controls
24!getDownPeople:(I)Ljava/util/Vector;@elevator.Controls
32!getDownPeople:(I)Ljava/util/Vector;@elevator.Controls
36!getDownPeople:(I)Ljava/util/Vector;@elevator.Controls
40!getDownPeople:(I)Ljava/util/Vector;@elevator.Controls
42!getDownPeople:(I)Ljava/util/Vector;@elevator.Controls
1!getUpPeople:(I)Ljava/util/Vector;@elevator.Controls
5!getUpPeople:(I)Ljava/util/Vector;@elevator.Controls
10!getUpPeople:(I)Ljava/util/Vector;@elevator.Controls
14!getUpPeople:(I)Ljava/util/Vector;@elevator.Controls
15!getUpPeople:(I)Ljava/util/Vector;@elevator.Controls
20!getUpPeople:(I)Ljava/util/Vector;@elevator.Controls
24!getUpPeople:(I)Ljava/util/Vector;@elevator.Controls
32!getUpPeople:(I)Ljava/util/Vector;@elevator.Controls
36!getUpPeople:(I)Ljava/util/Vector;@elevator.Controls
40!getUpPeople:(I)Ljava/util/Vector;@elevator.Controls
42!getUpPeople:(I)Ljava/util/Vector;@elevator.Controls
1!pushDown:(II)V@elevator.Controls
5!pushDown:(II)V@elevator.Controls
9!pushDown:(II)V@elevator.Controls
44!pushDown:(II)V@elevator.Controls
48!pushDown:(II)V@elevator.Controls
49!pushDown:(II)V@elevator.Controls
64!pushDown:(II)V@elevator.Controls
68!pushDown:(II)V@elevator.Controls
69!pushDown:(II)V@elevator.Controls
80!pushDown:(II)V@elevator.Controls
84!pushDown:(II)V@elevator.Controls
86!pushDown:(II)V@elevator.Controls
1!pushUp:(II)V@elevator.Controls
5!pushUp:(II)V@elevator.Controls
9!pushUp:(II)V@elevator.Controls
44!pushUp:(II)V@elevator.Controls
48!pushUp:(II)V@elevator.Controls
49!pushUp:(II)V@elevator.Controls
64!pushUp:(II)V@elevator.Controls
68!pushUp:(II)V@elevator.Controls
69!pushUp:(II)V@elevator.Controls
80!pushUp:(II)V@elevator.Controls
84!pushUp:(II)V@elevator.Controls
86!pushUp:(II)V@elevator.Controls
60!<init>:(Ljava/lang/String;)V@elevator.Elevator
119!<init>:(Ljava/lang/String;)V@elevator.Elevator
148!<init>:(Ljava/lang/String;)V@elevator.Elevator
179!<init>:(Ljava/lang/String;)V@elevator.Elevator
199!<init>:(Ljava/lang/String;)V@elevator.Elevator
205!<init>:(Ljava/lang/String;)V@elevator.Elevator
214!<init>:(Ljava/lang/String;)V@elevator.Elevator
228!<init>:(Ljava/lang/String;)V@elevator.Elevator
240!<init>:(Ljava/lang/String;)V@elevator.Elevator
246!<init>:(Ljava/lang/String;)V@elevator.Elevator
10!begin:()V@elevator.Elevator
20!begin:()V@elevator.Elevator
35!begin:()V@elevator.Elevator
41!begin:()V@elevator.Elevator
51!begin:()V@elevator.Elevator
56!begin:()V@elevator.Elevator
83!begin:()V@elevator.Elevator
88!begin:()V@elevator.Elevator
93!begin:()V@elevator.Elevator
63!begin:()V@elevator.Elevator
68!begin:()V@elevator.Elevator
73!begin:()V@elevator.Elevator
6!main:([Ljava/lang/String;)V@elevator.Elevator
42!main:([Ljava/lang/String;)V@elevator.Elevator
22!readNum:(Ljava/io/StreamTokenizer;)I@elevator.Elevator
4!waitForLiftsToFinishOperation:()V@elevator.Elevator
11!waitForLiftsToFinishOperation:()V@elevator.Elevator
15!waitForLiftsToFinishOperation:()V@elevator.Elevator
23!waitForLiftsToFinishOperation:()V@elevator.Elevator
12!<init>:()V@elevator.Floor
23!<init>:()V@elevator.Floor
28!<init>:()V@elevator.Floor
33!<init>:()V@elevator.Floor
1!<clinit>:()V@elevator.Lift
13!<init>:(ILelevator/Controls;)V@elevator.Lift
19!<init>:(ILelevator/Controls;)V@elevator.Lift
33!<init>:(ILelevator/Controls;)V@elevator.Lift
38!<init>:(ILelevator/Controls;)V@elevator.Lift
43!<init>:(ILelevator/Controls;)V@elevator.Lift
48!<init>:(ILelevator/Controls;)V@elevator.Lift
53!<init>:(ILelevator/Controls;)V@elevator.Lift
56!<init>:(ILelevator/Controls;)V@elevator.Lift
65!<init>:(ILelevator/Controls;)V@elevator.Lift
74!<init>:(ILelevator/Controls;)V@elevator.Lift
85!<init>:(ILelevator/Controls;)V@elevator.Lift
90!<init>:(ILelevator/Controls;)V@elevator.Lift
92!<init>:(ILelevator/Controls;)V@elevator.Lift
97!<init>:(ILelevator/Controls;)V@elevator.Lift
0!addPeople:(Ljava/util/Vector;)V@elevator.Lift
35!addPeople:(Ljava/util/Vector;)V@elevator.Lift
75!addPeople:(Ljava/util/Vector;)V@elevator.Lift
80!addPeople:(Ljava/util/Vector;)V@elevator.Lift
83!addPeople:(Ljava/util/Vector;)V@elevator.Lift
5!doIdle:()V@elevator.Lift
13!doIdle:()V@elevator.Lift
53!doIdle:()V@elevator.Lift
61!doIdle:()V@elevator.Lift
73!doIdle:()V@elevator.Lift
79!doIdle:()V@elevator.Lift
84!doIdle:()V@elevator.Lift
88!doIdle:()V@elevator.Lift
25!doIdle:()V@elevator.Lift
31!doIdle:()V@elevator.Lift
36!doIdle:()V@elevator.Lift
40!doIdle:()V@elevator.Lift
98!doIdle:()V@elevator.Lift
108!doIdle:()V@elevator.Lift
219!doIdle:()V@elevator.Lift
242!doIdle:()V@elevator.Lift
115!doIdle:()V@elevator.Lift
164!doIdle:()V@elevator.Lift
183!doIdle:()V@elevator.Lift
188!doIdle:()V@elevator.Lift
191!doIdle:()V@elevator.Lift
195!doIdle:()V@elevator.Lift
206!doIdle:()V@elevator.Lift
134!doIdle:()V@elevator.Lift
139!doIdle:()V@elevator.Lift
142!doIdle:()V@elevator.Lift
146!doIdle:()V@elevator.Lift
157!doIdle:()V@elevator.Lift
2!doMoving:()V@elevator.Lift
6!doMoving:()V@elevator.Lift
19!doMoving:()V@elevator.Lift
23!doMoving:()V@elevator.Lift
28!doMoving:()V@elevator.Lift
36!doMoving:()V@elevator.Lift
40!doMoving:()V@elevator.Lift
48!doMoving:()V@elevator.Lift
52!doMoving:()V@elevator.Lift
60!doMoving:()V@elevator.Lift
64!doMoving:()V@elevator.Lift
72!doMoving:()V@elevator.Lift
75!doMoving:()V@elevator.Lift
98!doMoving:()V@elevator.Lift
111!doMoving:()V@elevator.Lift
115!doMoving:()V@elevator.Lift
118!doMoving:()V@elevator.Lift
122!doMoving:()V@elevator.Lift
145!doMoving:()V@elevator.Lift
149!doMoving:()V@elevator.Lift
152!doMoving:()V@elevator.Lift
162!doMoving:()V@elevator.Lift
175!doMoving:()V@elevator.Lift
179!doMoving:()V@elevator.Lift
183!doMoving:()V@elevator.Lift
185!doMoving:()V@elevator.Lift
189!doMoving:()V@elevator.Lift
192!doMoving:()V@elevator.Lift
199!doMoving:()V@elevator.Lift
207!doMoving:()V@elevator.Lift
215!doMoving:()V@elevator.Lift
226!doMoving:()V@elevator.Lift
230!doMoving:()V@elevator.Lift
240!doMoving:()V@elevator.Lift
244!doMoving:()V@elevator.Lift
248!doMoving:()V@elevator.Lift
252!doMoving:()V@elevator.Lift
254!doMoving:()V@elevator.Lift
258!doMoving:()V@elevator.Lift
261!doMoving:()V@elevator.Lift
268!doMoving:()V@elevator.Lift
276!doMoving:()V@elevator.Lift
284!doMoving:()V@elevator.Lift
295!doMoving:()V@elevator.Lift
299!doMoving:()V@elevator.Lift
309!doMoving:()V@elevator.Lift
313!doMoving:()V@elevator.Lift
317!doMoving:()V@elevator.Lift
321!doMoving:()V@elevator.Lift
323!doMoving:()V@elevator.Lift
390!doMoving:()V@elevator.Lift
382!doMoving:()V@elevator.Lift
357!doMoving:()V@elevator.Lift
349!doMoving:()V@elevator.Lift
395!doMoving:()V@elevator.Lift
401!doMoving:()V@elevator.Lift
412!doMoving:()V@elevator.Lift
430!doMoving:()V@elevator.Lift
449!doMoving:()V@elevator.Lift
456!doMoving:()V@elevator.Lift
437!doMoving:()V@elevator.Lift
418!doMoving:()V@elevator.Lift
11!run:()V@elevator.Lift
3!stopsAbove:()Z@elevator.Lift
15!stopsAbove:()Z@elevator.Lift
22!stopsAbove:()Z@elevator.Lift
26!stopsAbove:()Z@elevator.Lift
31!stopsAbove:()Z@elevator.Lift
35!stopsAbove:()Z@elevator.Lift
3!stopsBelow:()Z@elevator.Lift
15!stopsBelow:()Z@elevator.Lift
22!stopsBelow:()Z@elevator.Lift
26!stopsBelow:()Z@elevator.Lift
31!stopsBelow:()Z@elevator.Lift
35!stopsBelow:()Z@elevator.Lift
