null
0!main:([Ljava/lang/String;)V@elevator.Elevator
11!main:([Ljava/lang/String;)V@elevator.Elevator
30!main:([Ljava/lang/String;)V@elevator.Elevator
45!main:([Ljava/lang/String;)V@elevator.Elevator
8!<init>:(I)V@elevator.Controls
26!<init>:(I)V@elevator.Controls
25!getDownPeople:(I)Ljava/util/Vector;@elevator.Controls
25!getUpPeople:(I)Ljava/util/Vector;@elevator.Controls
12!pushDown:(II)V@elevator.Controls
52!pushDown:(II)V@elevator.Controls
12!pushUp:(II)V@elevator.Controls
52!pushUp:(II)V@elevator.Controls
6!<init>:(Ljava/lang/String;)V@elevator.Elevator
10!<init>:(Ljava/lang/String;)V@elevator.Elevator
34!<init>:(Ljava/lang/String;)V@elevator.Elevator
53!<init>:(Ljava/lang/String;)V@elevator.Elevator
122!<init>:(Ljava/lang/String;)V@elevator.Elevator
151!<init>:(Ljava/lang/String;)V@elevator.Elevator
190!<init>:(Ljava/lang/String;)V@elevator.Elevator
211!<init>:(Ljava/lang/String;)V@elevator.Elevator
233!<init>:(Ljava/lang/String;)V@elevator.Elevator
11!readNum:(Ljava/io/StreamTokenizer;)I@elevator.Elevator
26!waitForLiftsToFinishOperation:()V@elevator.Elevator
5!<init>:()V@elevator.Floor
16!<init>:()V@elevator.Floor
1!<init>:(ILelevator/Controls;)V@elevator.Lift
63!<init>:(ILelevator/Controls;)V@elevator.Lift
72!<init>:(ILelevator/Controls;)V@elevator.Lift
3!addPeople:(Ljava/util/Vector;)V@elevator.Lift
222!doIdle:()V@elevator.Lift
78!doMoving:()V@elevator.Lift
125!doMoving:()V@elevator.Lift
