-1!main:([Ljava/lang/String;)V@elevator.Elevator
1!main:([Ljava/lang/String;)V@elevator.Elevator
2!main:([Ljava/lang/String;)V@elevator.Elevator
3!main:([Ljava/lang/String;)V@elevator.Elevator
4!main:([Ljava/lang/String;)V@elevator.Elevator
5!main:([Ljava/lang/String;)V@elevator.Elevator
6!main:([Ljava/lang/String;)V@elevator.Elevator
7!main:([Ljava/lang/String;)V@elevator.Elevator
8!main:([Ljava/lang/String;)V@elevator.Elevator
9!main:([Ljava/lang/String;)V@elevator.Elevator
10!main:([Ljava/lang/String;)V@elevator.Elevator
11!main:([Ljava/lang/String;)V@elevator.Elevator
12!main:([Ljava/lang/String;)V@elevator.Elevator
13!main:([Ljava/lang/String;)V@elevator.Elevator
14!main:([Ljava/lang/String;)V@elevator.Elevator
15!main:([Ljava/lang/String;)V@elevator.Elevator
16!main:([Ljava/lang/String;)V@elevator.Elevator
17!main:([Ljava/lang/String;)V@elevator.Elevator
18!main:([Ljava/lang/String;)V@elevator.Elevator
19!main:([Ljava/lang/String;)V@elevator.Elevator
20!main:([Ljava/lang/String;)V@elevator.Elevator
21!main:([Ljava/lang/String;)V@elevator.Elevator
23!main:([Ljava/lang/String;)V@elevator.Elevator
22!main:([Ljava/lang/String;)V@elevator.Elevator
24!main:([Ljava/lang/String;)V@elevator.Elevator
25!main:([Ljava/lang/String;)V@elevator.Elevator
26!main:([Ljava/lang/String;)V@elevator.Elevator
27!main:([Ljava/lang/String;)V@elevator.Elevator
28!main:([Ljava/lang/String;)V@elevator.Elevator
-2!main:([Ljava/lang/String;)V@elevator.Elevator
-1!<init>:(III)V@elevator.ButtonPress
1!<init>:(III)V@elevator.ButtonPress
2!<init>:(III)V@elevator.ButtonPress
3!<init>:(III)V@elevator.ButtonPress
4!<init>:(III)V@elevator.ButtonPress
5!<init>:(III)V@elevator.ButtonPress
-2!<init>:(III)V@elevator.ButtonPress
-1!<init>:(I)V@elevator.Controls
1!<init>:(I)V@elevator.Controls
2!<init>:(I)V@elevator.Controls
3!<init>:(I)V@elevator.Controls
4!<init>:(I)V@elevator.Controls
5!<init>:(I)V@elevator.Controls
24!<init>:(I)V@elevator.Controls
15!<init>:(I)V@elevator.Controls
23!<init>:(I)V@elevator.Controls
-2!<init>:(I)V@elevator.Controls
16!<init>:(I)V@elevator.Controls
17!<init>:(I)V@elevator.Controls
18!<init>:(I)V@elevator.Controls
19!<init>:(I)V@elevator.Controls
20!<init>:(I)V@elevator.Controls
21!<init>:(I)V@elevator.Controls
22!<init>:(I)V@elevator.Controls
-1!checkDown:(I)Z@elevator.Controls
1!checkDown:(I)Z@elevator.Controls
2!checkDown:(I)Z@elevator.Controls
3!checkDown:(I)Z@elevator.Controls
4!checkDown:(I)Z@elevator.Controls
5!checkDown:(I)Z@elevator.Controls
6!checkDown:(I)Z@elevator.Controls
7!checkDown:(I)Z@elevator.Controls
8!checkDown:(I)Z@elevator.Controls
9!checkDown:(I)Z@elevator.Controls
10!checkDown:(I)Z@elevator.Controls
11!checkDown:(I)Z@elevator.Controls
12!checkDown:(I)Z@elevator.Controls
13!checkDown:(I)Z@elevator.Controls
31!checkDown:(I)Z@elevator.Controls
14!checkDown:(I)Z@elevator.Controls
15!checkDown:(I)Z@elevator.Controls
16!checkDown:(I)Z@elevator.Controls
17!checkDown:(I)Z@elevator.Controls
18!checkDown:(I)Z@elevator.Controls
19!checkDown:(I)Z@elevator.Controls
20!checkDown:(I)Z@elevator.Controls
21!checkDown:(I)Z@elevator.Controls
22!checkDown:(I)Z@elevator.Controls
32!checkDown:(I)Z@elevator.Controls
23!checkDown:(I)Z@elevator.Controls
24!checkDown:(I)Z@elevator.Controls
25!checkDown:(I)Z@elevator.Controls
26!checkDown:(I)Z@elevator.Controls
27!checkDown:(I)Z@elevator.Controls
28!checkDown:(I)Z@elevator.Controls
29!checkDown:(I)Z@elevator.Controls
30!checkDown:(I)Z@elevator.Controls
-2!checkDown:(I)Z@elevator.Controls
-1!checkUp:(I)Z@elevator.Controls
1!checkUp:(I)Z@elevator.Controls
2!checkUp:(I)Z@elevator.Controls
3!checkUp:(I)Z@elevator.Controls
4!checkUp:(I)Z@elevator.Controls
5!checkUp:(I)Z@elevator.Controls
6!checkUp:(I)Z@elevator.Controls
7!checkUp:(I)Z@elevator.Controls
8!checkUp:(I)Z@elevator.Controls
9!checkUp:(I)Z@elevator.Controls
10!checkUp:(I)Z@elevator.Controls
11!checkUp:(I)Z@elevator.Controls
12!checkUp:(I)Z@elevator.Controls
13!checkUp:(I)Z@elevator.Controls
31!checkUp:(I)Z@elevator.Controls
14!checkUp:(I)Z@elevator.Controls
15!checkUp:(I)Z@elevator.Controls
16!checkUp:(I)Z@elevator.Controls
17!checkUp:(I)Z@elevator.Controls
18!checkUp:(I)Z@elevator.Controls
19!checkUp:(I)Z@elevator.Controls
20!checkUp:(I)Z@elevator.Controls
21!checkUp:(I)Z@elevator.Controls
22!checkUp:(I)Z@elevator.Controls
32!checkUp:(I)Z@elevator.Controls
23!checkUp:(I)Z@elevator.Controls
24!checkUp:(I)Z@elevator.Controls
25!checkUp:(I)Z@elevator.Controls
26!checkUp:(I)Z@elevator.Controls
27!checkUp:(I)Z@elevator.Controls
28!checkUp:(I)Z@elevator.Controls
29!checkUp:(I)Z@elevator.Controls
30!checkUp:(I)Z@elevator.Controls
-2!checkUp:(I)Z@elevator.Controls
-1!claimDown:(Ljava/lang/String;I)Z@elevator.Controls
1!claimDown:(Ljava/lang/String;I)Z@elevator.Controls
2!claimDown:(Ljava/lang/String;I)Z@elevator.Controls
3!claimDown:(Ljava/lang/String;I)Z@elevator.Controls
4!claimDown:(Ljava/lang/String;I)Z@elevator.Controls
5!claimDown:(Ljava/lang/String;I)Z@elevator.Controls
6!claimDown:(Ljava/lang/String;I)Z@elevator.Controls
7!claimDown:(Ljava/lang/String;I)Z@elevator.Controls
8!claimDown:(Ljava/lang/String;I)Z@elevator.Controls
9!claimDown:(Ljava/lang/String;I)Z@elevator.Controls
10!claimDown:(Ljava/lang/String;I)Z@elevator.Controls
11!claimDown:(Ljava/lang/String;I)Z@elevator.Controls
12!claimDown:(Ljava/lang/String;I)Z@elevator.Controls
13!claimDown:(Ljava/lang/String;I)Z@elevator.Controls
14!claimDown:(Ljava/lang/String;I)Z@elevator.Controls
15!claimDown:(Ljava/lang/String;I)Z@elevator.Controls
16!claimDown:(Ljava/lang/String;I)Z@elevator.Controls
17!claimDown:(Ljava/lang/String;I)Z@elevator.Controls
18!claimDown:(Ljava/lang/String;I)Z@elevator.Controls
19!claimDown:(Ljava/lang/String;I)Z@elevator.Controls
20!claimDown:(Ljava/lang/String;I)Z@elevator.Controls
21!claimDown:(Ljava/lang/String;I)Z@elevator.Controls
22!claimDown:(Ljava/lang/String;I)Z@elevator.Controls
23!claimDown:(Ljava/lang/String;I)Z@elevator.Controls
24!claimDown:(Ljava/lang/String;I)Z@elevator.Controls
-2!claimDown:(Ljava/lang/String;I)Z@elevator.Controls
-1!claimUp:(Ljava/lang/String;I)Z@elevator.Controls
1!claimUp:(Ljava/lang/String;I)Z@elevator.Controls
2!claimUp:(Ljava/lang/String;I)Z@elevator.Controls
3!claimUp:(Ljava/lang/String;I)Z@elevator.Controls
4!claimUp:(Ljava/lang/String;I)Z@elevator.Controls
5!claimUp:(Ljava/lang/String;I)Z@elevator.Controls
6!claimUp:(Ljava/lang/String;I)Z@elevator.Controls
7!claimUp:(Ljava/lang/String;I)Z@elevator.Controls
8!claimUp:(Ljava/lang/String;I)Z@elevator.Controls
9!claimUp:(Ljava/lang/String;I)Z@elevator.Controls
10!claimUp:(Ljava/lang/String;I)Z@elevator.Controls
11!claimUp:(Ljava/lang/String;I)Z@elevator.Controls
12!claimUp:(Ljava/lang/String;I)Z@elevator.Controls
13!claimUp:(Ljava/lang/String;I)Z@elevator.Controls
14!claimUp:(Ljava/lang/String;I)Z@elevator.Controls
15!claimUp:(Ljava/lang/String;I)Z@elevator.Controls
16!claimUp:(Ljava/lang/String;I)Z@elevator.Controls
17!claimUp:(Ljava/lang/String;I)Z@elevator.Controls
18!claimUp:(Ljava/lang/String;I)Z@elevator.Controls
19!claimUp:(Ljava/lang/String;I)Z@elevator.Controls
20!claimUp:(Ljava/lang/String;I)Z@elevator.Controls
21!claimUp:(Ljava/lang/String;I)Z@elevator.Controls
22!claimUp:(Ljava/lang/String;I)Z@elevator.Controls
23!claimUp:(Ljava/lang/String;I)Z@elevator.Controls
24!claimUp:(Ljava/lang/String;I)Z@elevator.Controls
-2!claimUp:(Ljava/lang/String;I)Z@elevator.Controls
-1!getDownPeople:(I)Ljava/util/Vector;@elevator.Controls
1!getDownPeople:(I)Ljava/util/Vector;@elevator.Controls
2!getDownPeople:(I)Ljava/util/Vector;@elevator.Controls
3!getDownPeople:(I)Ljava/util/Vector;@elevator.Controls
4!getDownPeople:(I)Ljava/util/Vector;@elevator.Controls
5!getDownPeople:(I)Ljava/util/Vector;@elevator.Controls
6!getDownPeople:(I)Ljava/util/Vector;@elevator.Controls
7!getDownPeople:(I)Ljava/util/Vector;@elevator.Controls
8!getDownPeople:(I)Ljava/util/Vector;@elevator.Controls
9!getDownPeople:(I)Ljava/util/Vector;@elevator.Controls
10!getDownPeople:(I)Ljava/util/Vector;@elevator.Controls
11!getDownPeople:(I)Ljava/util/Vector;@elevator.Controls
12!getDownPeople:(I)Ljava/util/Vector;@elevator.Controls
13!getDownPeople:(I)Ljava/util/Vector;@elevator.Controls
14!getDownPeople:(I)Ljava/util/Vector;@elevator.Controls
15!getDownPeople:(I)Ljava/util/Vector;@elevator.Controls
16!getDownPeople:(I)Ljava/util/Vector;@elevator.Controls
17!getDownPeople:(I)Ljava/util/Vector;@elevator.Controls
18!getDownPeople:(I)Ljava/util/Vector;@elevator.Controls
19!getDownPeople:(I)Ljava/util/Vector;@elevator.Controls
20!getDownPeople:(I)Ljava/util/Vector;@elevator.Controls
21!getDownPeople:(I)Ljava/util/Vector;@elevator.Controls
22!getDownPeople:(I)Ljava/util/Vector;@elevator.Controls
23!getDownPeople:(I)Ljava/util/Vector;@elevator.Controls
24!getDownPeople:(I)Ljava/util/Vector;@elevator.Controls
25!getDownPeople:(I)Ljava/util/Vector;@elevator.Controls
-2!getDownPeople:(I)Ljava/util/Vector;@elevator.Controls
-1!getUpPeople:(I)Ljava/util/Vector;@elevator.Controls
1!getUpPeople:(I)Ljava/util/Vector;@elevator.Controls
2!getUpPeople:(I)Ljava/util/Vector;@elevator.Controls
3!getUpPeople:(I)Ljava/util/Vector;@elevator.Controls
4!getUpPeople:(I)Ljava/util/Vector;@elevator.Controls
5!getUpPeople:(I)Ljava/util/Vector;@elevator.Controls
6!getUpPeople:(I)Ljava/util/Vector;@elevator.Controls
7!getUpPeople:(I)Ljava/util/Vector;@elevator.Controls
8!getUpPeople:(I)Ljava/util/Vector;@elevator.Controls
9!getUpPeople:(I)Ljava/util/Vector;@elevator.Controls
10!getUpPeople:(I)Ljava/util/Vector;@elevator.Controls
11!getUpPeople:(I)Ljava/util/Vector;@elevator.Controls
12!getUpPeople:(I)Ljava/util/Vector;@elevator.Controls
13!getUpPeople:(I)Ljava/util/Vector;@elevator.Controls
14!getUpPeople:(I)Ljava/util/Vector;@elevator.Controls
15!getUpPeople:(I)Ljava/util/Vector;@elevator.Controls
16!getUpPeople:(I)Ljava/util/Vector;@elevator.Controls
17!getUpPeople:(I)Ljava/util/Vector;@elevator.Controls
18!getUpPeople:(I)Ljava/util/Vector;@elevator.Controls
19!getUpPeople:(I)Ljava/util/Vector;@elevator.Controls
20!getUpPeople:(I)Ljava/util/Vector;@elevator.Controls
21!getUpPeople:(I)Ljava/util/Vector;@elevator.Controls
22!getUpPeople:(I)Ljava/util/Vector;@elevator.Controls
23!getUpPeople:(I)Ljava/util/Vector;@elevator.Controls
24!getUpPeople:(I)Ljava/util/Vector;@elevator.Controls
25!getUpPeople:(I)Ljava/util/Vector;@elevator.Controls
-2!getUpPeople:(I)Ljava/util/Vector;@elevator.Controls
-1!pushDown:(II)V@elevator.Controls
1!pushDown:(II)V@elevator.Controls
2!pushDown:(II)V@elevator.Controls
3!pushDown:(II)V@elevator.Controls
4!pushDown:(II)V@elevator.Controls
5!pushDown:(II)V@elevator.Controls
6!pushDown:(II)V@elevator.Controls
7!pushDown:(II)V@elevator.Controls
8!pushDown:(II)V@elevator.Controls
9!pushDown:(II)V@elevator.Controls
11!pushDown:(II)V@elevator.Controls
10!pushDown:(II)V@elevator.Controls
12!pushDown:(II)V@elevator.Controls
14!pushDown:(II)V@elevator.Controls
13!pushDown:(II)V@elevator.Controls
15!pushDown:(II)V@elevator.Controls
16!pushDown:(II)V@elevator.Controls
17!pushDown:(II)V@elevator.Controls
18!pushDown:(II)V@elevator.Controls
19!pushDown:(II)V@elevator.Controls
20!pushDown:(II)V@elevator.Controls
21!pushDown:(II)V@elevator.Controls
22!pushDown:(II)V@elevator.Controls
23!pushDown:(II)V@elevator.Controls
24!pushDown:(II)V@elevator.Controls
25!pushDown:(II)V@elevator.Controls
26!pushDown:(II)V@elevator.Controls
27!pushDown:(II)V@elevator.Controls
28!pushDown:(II)V@elevator.Controls
29!pushDown:(II)V@elevator.Controls
30!pushDown:(II)V@elevator.Controls
31!pushDown:(II)V@elevator.Controls
32!pushDown:(II)V@elevator.Controls
33!pushDown:(II)V@elevator.Controls
34!pushDown:(II)V@elevator.Controls
35!pushDown:(II)V@elevator.Controls
36!pushDown:(II)V@elevator.Controls
37!pushDown:(II)V@elevator.Controls
38!pushDown:(II)V@elevator.Controls
39!pushDown:(II)V@elevator.Controls
-2!pushDown:(II)V@elevator.Controls
-1!pushUp:(II)V@elevator.Controls
1!pushUp:(II)V@elevator.Controls
2!pushUp:(II)V@elevator.Controls
3!pushUp:(II)V@elevator.Controls
4!pushUp:(II)V@elevator.Controls
5!pushUp:(II)V@elevator.Controls
6!pushUp:(II)V@elevator.Controls
7!pushUp:(II)V@elevator.Controls
8!pushUp:(II)V@elevator.Controls
9!pushUp:(II)V@elevator.Controls
11!pushUp:(II)V@elevator.Controls
10!pushUp:(II)V@elevator.Controls
12!pushUp:(II)V@elevator.Controls
14!pushUp:(II)V@elevator.Controls
13!pushUp:(II)V@elevator.Controls
15!pushUp:(II)V@elevator.Controls
16!pushUp:(II)V@elevator.Controls
17!pushUp:(II)V@elevator.Controls
18!pushUp:(II)V@elevator.Controls
19!pushUp:(II)V@elevator.Controls
20!pushUp:(II)V@elevator.Controls
21!pushUp:(II)V@elevator.Controls
22!pushUp:(II)V@elevator.Controls
23!pushUp:(II)V@elevator.Controls
24!pushUp:(II)V@elevator.Controls
25!pushUp:(II)V@elevator.Controls
26!pushUp:(II)V@elevator.Controls
27!pushUp:(II)V@elevator.Controls
28!pushUp:(II)V@elevator.Controls
29!pushUp:(II)V@elevator.Controls
30!pushUp:(II)V@elevator.Controls
31!pushUp:(II)V@elevator.Controls
32!pushUp:(II)V@elevator.Controls
33!pushUp:(II)V@elevator.Controls
34!pushUp:(II)V@elevator.Controls
35!pushUp:(II)V@elevator.Controls
36!pushUp:(II)V@elevator.Controls
37!pushUp:(II)V@elevator.Controls
38!pushUp:(II)V@elevator.Controls
39!pushUp:(II)V@elevator.Controls
-2!pushUp:(II)V@elevator.Controls
-1!<init>:(Ljava/lang/String;)V@elevator.Elevator
1!<init>:(Ljava/lang/String;)V@elevator.Elevator
2!<init>:(Ljava/lang/String;)V@elevator.Elevator
3!<init>:(Ljava/lang/String;)V@elevator.Elevator
4!<init>:(Ljava/lang/String;)V@elevator.Elevator
5!<init>:(Ljava/lang/String;)V@elevator.Elevator
6!<init>:(Ljava/lang/String;)V@elevator.Elevator
7!<init>:(Ljava/lang/String;)V@elevator.Elevator
8!<init>:(Ljava/lang/String;)V@elevator.Elevator
9!<init>:(Ljava/lang/String;)V@elevator.Elevator
10!<init>:(Ljava/lang/String;)V@elevator.Elevator
11!<init>:(Ljava/lang/String;)V@elevator.Elevator
12!<init>:(Ljava/lang/String;)V@elevator.Elevator
14!<init>:(Ljava/lang/String;)V@elevator.Elevator
13!<init>:(Ljava/lang/String;)V@elevator.Elevator
15!<init>:(Ljava/lang/String;)V@elevator.Elevator
16!<init>:(Ljava/lang/String;)V@elevator.Elevator
17!<init>:(Ljava/lang/String;)V@elevator.Elevator
18!<init>:(Ljava/lang/String;)V@elevator.Elevator
19!<init>:(Ljava/lang/String;)V@elevator.Elevator
21!<init>:(Ljava/lang/String;)V@elevator.Elevator
20!<init>:(Ljava/lang/String;)V@elevator.Elevator
22!<init>:(Ljava/lang/String;)V@elevator.Elevator
23!<init>:(Ljava/lang/String;)V@elevator.Elevator
24!<init>:(Ljava/lang/String;)V@elevator.Elevator
25!<init>:(Ljava/lang/String;)V@elevator.Elevator
26!<init>:(Ljava/lang/String;)V@elevator.Elevator
27!<init>:(Ljava/lang/String;)V@elevator.Elevator
28!<init>:(Ljava/lang/String;)V@elevator.Elevator
29!<init>:(Ljava/lang/String;)V@elevator.Elevator
30!<init>:(Ljava/lang/String;)V@elevator.Elevator
31!<init>:(Ljava/lang/String;)V@elevator.Elevator
32!<init>:(Ljava/lang/String;)V@elevator.Elevator
33!<init>:(Ljava/lang/String;)V@elevator.Elevator
34!<init>:(Ljava/lang/String;)V@elevator.Elevator
35!<init>:(Ljava/lang/String;)V@elevator.Elevator
84!<init>:(Ljava/lang/String;)V@elevator.Elevator
85!<init>:(Ljava/lang/String;)V@elevator.Elevator
86!<init>:(Ljava/lang/String;)V@elevator.Elevator
88!<init>:(Ljava/lang/String;)V@elevator.Elevator
89!<init>:(Ljava/lang/String;)V@elevator.Elevator
90!<init>:(Ljava/lang/String;)V@elevator.Elevator
91!<init>:(Ljava/lang/String;)V@elevator.Elevator
92!<init>:(Ljava/lang/String;)V@elevator.Elevator
93!<init>:(Ljava/lang/String;)V@elevator.Elevator
94!<init>:(Ljava/lang/String;)V@elevator.Elevator
95!<init>:(Ljava/lang/String;)V@elevator.Elevator
96!<init>:(Ljava/lang/String;)V@elevator.Elevator
48!<init>:(Ljava/lang/String;)V@elevator.Elevator
49!<init>:(Ljava/lang/String;)V@elevator.Elevator
50!<init>:(Ljava/lang/String;)V@elevator.Elevator
51!<init>:(Ljava/lang/String;)V@elevator.Elevator
52!<init>:(Ljava/lang/String;)V@elevator.Elevator
53!<init>:(Ljava/lang/String;)V@elevator.Elevator
54!<init>:(Ljava/lang/String;)V@elevator.Elevator
56!<init>:(Ljava/lang/String;)V@elevator.Elevator
55!<init>:(Ljava/lang/String;)V@elevator.Elevator
57!<init>:(Ljava/lang/String;)V@elevator.Elevator
58!<init>:(Ljava/lang/String;)V@elevator.Elevator
59!<init>:(Ljava/lang/String;)V@elevator.Elevator
60!<init>:(Ljava/lang/String;)V@elevator.Elevator
61!<init>:(Ljava/lang/String;)V@elevator.Elevator
62!<init>:(Ljava/lang/String;)V@elevator.Elevator
64!<init>:(Ljava/lang/String;)V@elevator.Elevator
63!<init>:(Ljava/lang/String;)V@elevator.Elevator
65!<init>:(Ljava/lang/String;)V@elevator.Elevator
66!<init>:(Ljava/lang/String;)V@elevator.Elevator
67!<init>:(Ljava/lang/String;)V@elevator.Elevator
68!<init>:(Ljava/lang/String;)V@elevator.Elevator
69!<init>:(Ljava/lang/String;)V@elevator.Elevator
70!<init>:(Ljava/lang/String;)V@elevator.Elevator
71!<init>:(Ljava/lang/String;)V@elevator.Elevator
72!<init>:(Ljava/lang/String;)V@elevator.Elevator
73!<init>:(Ljava/lang/String;)V@elevator.Elevator
106!<init>:(Ljava/lang/String;)V@elevator.Elevator
87!<init>:(Ljava/lang/String;)V@elevator.Elevator
105!<init>:(Ljava/lang/String;)V@elevator.Elevator
-2!<init>:(Ljava/lang/String;)V@elevator.Elevator
97!<init>:(Ljava/lang/String;)V@elevator.Elevator
98!<init>:(Ljava/lang/String;)V@elevator.Elevator
99!<init>:(Ljava/lang/String;)V@elevator.Elevator
100!<init>:(Ljava/lang/String;)V@elevator.Elevator
101!<init>:(Ljava/lang/String;)V@elevator.Elevator
102!<init>:(Ljava/lang/String;)V@elevator.Elevator
103!<init>:(Ljava/lang/String;)V@elevator.Elevator
104!<init>:(Ljava/lang/String;)V@elevator.Elevator
-1!begin:()V@elevator.Elevator
1!begin:()V@elevator.Elevator
2!begin:()V@elevator.Elevator
3!begin:()V@elevator.Elevator
4!begin:()V@elevator.Elevator
73!begin:()V@elevator.Elevator
72!begin:()V@elevator.Elevator
39!begin:()V@elevator.Elevator
40!begin:()V@elevator.Elevator
41!begin:()V@elevator.Elevator
48!begin:()V@elevator.Elevator
-2!begin:()V@elevator.Elevator
42!begin:()V@elevator.Elevator
43!begin:()V@elevator.Elevator
44!begin:()V@elevator.Elevator
45!begin:()V@elevator.Elevator
46!begin:()V@elevator.Elevator
47!begin:()V@elevator.Elevator
49!begin:()V@elevator.Elevator
51!begin:()V@elevator.Elevator
50!begin:()V@elevator.Elevator
52!begin:()V@elevator.Elevator
53!begin:()V@elevator.Elevator
54!begin:()V@elevator.Elevator
62!begin:()V@elevator.Elevator
63!begin:()V@elevator.Elevator
64!begin:()V@elevator.Elevator
65!begin:()V@elevator.Elevator
57!begin:()V@elevator.Elevator
58!begin:()V@elevator.Elevator
59!begin:()V@elevator.Elevator
60!begin:()V@elevator.Elevator
61!begin:()V@elevator.Elevator
69!begin:()V@elevator.Elevator
74!begin:()V@elevator.Elevator
56!begin:()V@elevator.Elevator
55!begin:()V@elevator.Elevator
66!begin:()V@elevator.Elevator
67!begin:()V@elevator.Elevator
68!begin:()V@elevator.Elevator
70!begin:()V@elevator.Elevator
71!begin:()V@elevator.Elevator
-1!readNum:(Ljava/io/StreamTokenizer;)I@elevator.Elevator
1!readNum:(Ljava/io/StreamTokenizer;)I@elevator.Elevator
2!readNum:(Ljava/io/StreamTokenizer;)I@elevator.Elevator
3!readNum:(Ljava/io/StreamTokenizer;)I@elevator.Elevator
4!readNum:(Ljava/io/StreamTokenizer;)I@elevator.Elevator
5!readNum:(Ljava/io/StreamTokenizer;)I@elevator.Elevator
6!readNum:(Ljava/io/StreamTokenizer;)I@elevator.Elevator
7!readNum:(Ljava/io/StreamTokenizer;)I@elevator.Elevator
8!readNum:(Ljava/io/StreamTokenizer;)I@elevator.Elevator
10!readNum:(Ljava/io/StreamTokenizer;)I@elevator.Elevator
9!readNum:(Ljava/io/StreamTokenizer;)I@elevator.Elevator
11!readNum:(Ljava/io/StreamTokenizer;)I@elevator.Elevator
-2!readNum:(Ljava/io/StreamTokenizer;)I@elevator.Elevator
-1!waitForLiftsToFinishOperation:()V@elevator.Elevator
1!waitForLiftsToFinishOperation:()V@elevator.Elevator
47!waitForLiftsToFinishOperation:()V@elevator.Elevator
25!waitForLiftsToFinishOperation:()V@elevator.Elevator
26!waitForLiftsToFinishOperation:()V@elevator.Elevator
30!waitForLiftsToFinishOperation:()V@elevator.Elevator
-2!waitForLiftsToFinishOperation:()V@elevator.Elevator
27!waitForLiftsToFinishOperation:()V@elevator.Elevator
28!waitForLiftsToFinishOperation:()V@elevator.Elevator
29!waitForLiftsToFinishOperation:()V@elevator.Elevator
31!waitForLiftsToFinishOperation:()V@elevator.Elevator
32!waitForLiftsToFinishOperation:()V@elevator.Elevator
33!waitForLiftsToFinishOperation:()V@elevator.Elevator
34!waitForLiftsToFinishOperation:()V@elevator.Elevator
35!waitForLiftsToFinishOperation:()V@elevator.Elevator
36!waitForLiftsToFinishOperation:()V@elevator.Elevator
38!waitForLiftsToFinishOperation:()V@elevator.Elevator
37!waitForLiftsToFinishOperation:()V@elevator.Elevator
39!waitForLiftsToFinishOperation:()V@elevator.Elevator
41!waitForLiftsToFinishOperation:()V@elevator.Elevator
40!waitForLiftsToFinishOperation:()V@elevator.Elevator
42!waitForLiftsToFinishOperation:()V@elevator.Elevator
43!waitForLiftsToFinishOperation:()V@elevator.Elevator
44!waitForLiftsToFinishOperation:()V@elevator.Elevator
45!waitForLiftsToFinishOperation:()V@elevator.Elevator
46!waitForLiftsToFinishOperation:()V@elevator.Elevator
-1!<init>:()V@elevator.Floor
1!<init>:()V@elevator.Floor
2!<init>:()V@elevator.Floor
3!<init>:()V@elevator.Floor
4!<init>:()V@elevator.Floor
5!<init>:()V@elevator.Floor
6!<init>:()V@elevator.Floor
7!<init>:()V@elevator.Floor
8!<init>:()V@elevator.Floor
9!<init>:()V@elevator.Floor
10!<init>:()V@elevator.Floor
11!<init>:()V@elevator.Floor
12!<init>:()V@elevator.Floor
-2!<init>:()V@elevator.Floor
-1!<clinit>:()V@elevator.Lift
1!<clinit>:()V@elevator.Lift
2!<clinit>:()V@elevator.Lift
-2!<clinit>:()V@elevator.Lift
-1!<init>:(ILelevator/Controls;)V@elevator.Lift
1!<init>:(ILelevator/Controls;)V@elevator.Lift
2!<init>:(ILelevator/Controls;)V@elevator.Lift
3!<init>:(ILelevator/Controls;)V@elevator.Lift
5!<init>:(ILelevator/Controls;)V@elevator.Lift
4!<init>:(ILelevator/Controls;)V@elevator.Lift
6!<init>:(ILelevator/Controls;)V@elevator.Lift
7!<init>:(ILelevator/Controls;)V@elevator.Lift
8!<init>:(ILelevator/Controls;)V@elevator.Lift
9!<init>:(ILelevator/Controls;)V@elevator.Lift
10!<init>:(ILelevator/Controls;)V@elevator.Lift
11!<init>:(ILelevator/Controls;)V@elevator.Lift
12!<init>:(ILelevator/Controls;)V@elevator.Lift
13!<init>:(ILelevator/Controls;)V@elevator.Lift
14!<init>:(ILelevator/Controls;)V@elevator.Lift
15!<init>:(ILelevator/Controls;)V@elevator.Lift
16!<init>:(ILelevator/Controls;)V@elevator.Lift
17!<init>:(ILelevator/Controls;)V@elevator.Lift
18!<init>:(ILelevator/Controls;)V@elevator.Lift
19!<init>:(ILelevator/Controls;)V@elevator.Lift
20!<init>:(ILelevator/Controls;)V@elevator.Lift
21!<init>:(ILelevator/Controls;)V@elevator.Lift
22!<init>:(ILelevator/Controls;)V@elevator.Lift
23!<init>:(ILelevator/Controls;)V@elevator.Lift
24!<init>:(ILelevator/Controls;)V@elevator.Lift
25!<init>:(ILelevator/Controls;)V@elevator.Lift
26!<init>:(ILelevator/Controls;)V@elevator.Lift
45!<init>:(ILelevator/Controls;)V@elevator.Lift
36!<init>:(ILelevator/Controls;)V@elevator.Lift
43!<init>:(ILelevator/Controls;)V@elevator.Lift
44!<init>:(ILelevator/Controls;)V@elevator.Lift
-2!<init>:(ILelevator/Controls;)V@elevator.Lift
37!<init>:(ILelevator/Controls;)V@elevator.Lift
38!<init>:(ILelevator/Controls;)V@elevator.Lift
39!<init>:(ILelevator/Controls;)V@elevator.Lift
40!<init>:(ILelevator/Controls;)V@elevator.Lift
41!<init>:(ILelevator/Controls;)V@elevator.Lift
42!<init>:(ILelevator/Controls;)V@elevator.Lift
-1!addPeople:(Ljava/util/Vector;)V@elevator.Lift
1!addPeople:(Ljava/util/Vector;)V@elevator.Lift
2!addPeople:(Ljava/util/Vector;)V@elevator.Lift
3!addPeople:(Ljava/util/Vector;)V@elevator.Lift
4!addPeople:(Ljava/util/Vector;)V@elevator.Lift
5!addPeople:(Ljava/util/Vector;)V@elevator.Lift
6!addPeople:(Ljava/util/Vector;)V@elevator.Lift
8!addPeople:(Ljava/util/Vector;)V@elevator.Lift
7!addPeople:(Ljava/util/Vector;)V@elevator.Lift
9!addPeople:(Ljava/util/Vector;)V@elevator.Lift
10!addPeople:(Ljava/util/Vector;)V@elevator.Lift
12!addPeople:(Ljava/util/Vector;)V@elevator.Lift
11!addPeople:(Ljava/util/Vector;)V@elevator.Lift
13!addPeople:(Ljava/util/Vector;)V@elevator.Lift
14!addPeople:(Ljava/util/Vector;)V@elevator.Lift
15!addPeople:(Ljava/util/Vector;)V@elevator.Lift
16!addPeople:(Ljava/util/Vector;)V@elevator.Lift
17!addPeople:(Ljava/util/Vector;)V@elevator.Lift
18!addPeople:(Ljava/util/Vector;)V@elevator.Lift
19!addPeople:(Ljava/util/Vector;)V@elevator.Lift
20!addPeople:(Ljava/util/Vector;)V@elevator.Lift
21!addPeople:(Ljava/util/Vector;)V@elevator.Lift
-2!addPeople:(Ljava/util/Vector;)V@elevator.Lift
22!addPeople:(Ljava/util/Vector;)V@elevator.Lift
23!addPeople:(Ljava/util/Vector;)V@elevator.Lift
24!addPeople:(Ljava/util/Vector;)V@elevator.Lift
25!addPeople:(Ljava/util/Vector;)V@elevator.Lift
26!addPeople:(Ljava/util/Vector;)V@elevator.Lift
27!addPeople:(Ljava/util/Vector;)V@elevator.Lift
28!addPeople:(Ljava/util/Vector;)V@elevator.Lift
29!addPeople:(Ljava/util/Vector;)V@elevator.Lift
30!addPeople:(Ljava/util/Vector;)V@elevator.Lift
31!addPeople:(Ljava/util/Vector;)V@elevator.Lift
32!addPeople:(Ljava/util/Vector;)V@elevator.Lift
-1!doIdle:()V@elevator.Lift
1!doIdle:()V@elevator.Lift
2!doIdle:()V@elevator.Lift
3!doIdle:()V@elevator.Lift
4!doIdle:()V@elevator.Lift
5!doIdle:()V@elevator.Lift
6!doIdle:()V@elevator.Lift
7!doIdle:()V@elevator.Lift
8!doIdle:()V@elevator.Lift
9!doIdle:()V@elevator.Lift
10!doIdle:()V@elevator.Lift
11!doIdle:()V@elevator.Lift
12!doIdle:()V@elevator.Lift
13!doIdle:()V@elevator.Lift
14!doIdle:()V@elevator.Lift
15!doIdle:()V@elevator.Lift
16!doIdle:()V@elevator.Lift
17!doIdle:()V@elevator.Lift
18!doIdle:()V@elevator.Lift
19!doIdle:()V@elevator.Lift
20!doIdle:()V@elevator.Lift
21!doIdle:()V@elevator.Lift
22!doIdle:()V@elevator.Lift
23!doIdle:()V@elevator.Lift
24!doIdle:()V@elevator.Lift
25!doIdle:()V@elevator.Lift
26!doIdle:()V@elevator.Lift
27!doIdle:()V@elevator.Lift
28!doIdle:()V@elevator.Lift
29!doIdle:()V@elevator.Lift
30!doIdle:()V@elevator.Lift
31!doIdle:()V@elevator.Lift
96!doIdle:()V@elevator.Lift
32!doIdle:()V@elevator.Lift
33!doIdle:()V@elevator.Lift
99!doIdle:()V@elevator.Lift
97!doIdle:()V@elevator.Lift
34!doIdle:()V@elevator.Lift
35!doIdle:()V@elevator.Lift
36!doIdle:()V@elevator.Lift
37!doIdle:()V@elevator.Lift
38!doIdle:()V@elevator.Lift
39!doIdle:()V@elevator.Lift
40!doIdle:()V@elevator.Lift
41!doIdle:()V@elevator.Lift
42!doIdle:()V@elevator.Lift
43!doIdle:()V@elevator.Lift
45!doIdle:()V@elevator.Lift
44!doIdle:()V@elevator.Lift
46!doIdle:()V@elevator.Lift
47!doIdle:()V@elevator.Lift
48!doIdle:()V@elevator.Lift
49!doIdle:()V@elevator.Lift
50!doIdle:()V@elevator.Lift
102!doIdle:()V@elevator.Lift
51!doIdle:()V@elevator.Lift
52!doIdle:()V@elevator.Lift
53!doIdle:()V@elevator.Lift
54!doIdle:()V@elevator.Lift
-2!doIdle:()V@elevator.Lift
55!doIdle:()V@elevator.Lift
56!doIdle:()V@elevator.Lift
57!doIdle:()V@elevator.Lift
58!doIdle:()V@elevator.Lift
59!doIdle:()V@elevator.Lift
60!doIdle:()V@elevator.Lift
61!doIdle:()V@elevator.Lift
62!doIdle:()V@elevator.Lift
63!doIdle:()V@elevator.Lift
64!doIdle:()V@elevator.Lift
65!doIdle:()V@elevator.Lift
66!doIdle:()V@elevator.Lift
67!doIdle:()V@elevator.Lift
68!doIdle:()V@elevator.Lift
69!doIdle:()V@elevator.Lift
70!doIdle:()V@elevator.Lift
71!doIdle:()V@elevator.Lift
72!doIdle:()V@elevator.Lift
73!doIdle:()V@elevator.Lift
74!doIdle:()V@elevator.Lift
75!doIdle:()V@elevator.Lift
76!doIdle:()V@elevator.Lift
101!doIdle:()V@elevator.Lift
77!doIdle:()V@elevator.Lift
78!doIdle:()V@elevator.Lift
79!doIdle:()V@elevator.Lift
80!doIdle:()V@elevator.Lift
81!doIdle:()V@elevator.Lift
82!doIdle:()V@elevator.Lift
83!doIdle:()V@elevator.Lift
84!doIdle:()V@elevator.Lift
85!doIdle:()V@elevator.Lift
86!doIdle:()V@elevator.Lift
87!doIdle:()V@elevator.Lift
88!doIdle:()V@elevator.Lift
89!doIdle:()V@elevator.Lift
90!doIdle:()V@elevator.Lift
91!doIdle:()V@elevator.Lift
100!doIdle:()V@elevator.Lift
92!doIdle:()V@elevator.Lift
93!doIdle:()V@elevator.Lift
98!doIdle:()V@elevator.Lift
94!doIdle:()V@elevator.Lift
95!doIdle:()V@elevator.Lift
-1!doMoving:()V@elevator.Lift
1!doMoving:()V@elevator.Lift
2!doMoving:()V@elevator.Lift
3!doMoving:()V@elevator.Lift
4!doMoving:()V@elevator.Lift
5!doMoving:()V@elevator.Lift
6!doMoving:()V@elevator.Lift
7!doMoving:()V@elevator.Lift
8!doMoving:()V@elevator.Lift
152!doMoving:()V@elevator.Lift
9!doMoving:()V@elevator.Lift
10!doMoving:()V@elevator.Lift
11!doMoving:()V@elevator.Lift
12!doMoving:()V@elevator.Lift
13!doMoving:()V@elevator.Lift
14!doMoving:()V@elevator.Lift
15!doMoving:()V@elevator.Lift
16!doMoving:()V@elevator.Lift
17!doMoving:()V@elevator.Lift
18!doMoving:()V@elevator.Lift
19!doMoving:()V@elevator.Lift
20!doMoving:()V@elevator.Lift
21!doMoving:()V@elevator.Lift
22!doMoving:()V@elevator.Lift
23!doMoving:()V@elevator.Lift
24!doMoving:()V@elevator.Lift
25!doMoving:()V@elevator.Lift
26!doMoving:()V@elevator.Lift
27!doMoving:()V@elevator.Lift
28!doMoving:()V@elevator.Lift
29!doMoving:()V@elevator.Lift
30!doMoving:()V@elevator.Lift
32!doMoving:()V@elevator.Lift
31!doMoving:()V@elevator.Lift
33!doMoving:()V@elevator.Lift
34!doMoving:()V@elevator.Lift
35!doMoving:()V@elevator.Lift
36!doMoving:()V@elevator.Lift
37!doMoving:()V@elevator.Lift
38!doMoving:()V@elevator.Lift
39!doMoving:()V@elevator.Lift
40!doMoving:()V@elevator.Lift
41!doMoving:()V@elevator.Lift
42!doMoving:()V@elevator.Lift
43!doMoving:()V@elevator.Lift
44!doMoving:()V@elevator.Lift
45!doMoving:()V@elevator.Lift
46!doMoving:()V@elevator.Lift
48!doMoving:()V@elevator.Lift
47!doMoving:()V@elevator.Lift
49!doMoving:()V@elevator.Lift
50!doMoving:()V@elevator.Lift
51!doMoving:()V@elevator.Lift
52!doMoving:()V@elevator.Lift
54!doMoving:()V@elevator.Lift
53!doMoving:()V@elevator.Lift
55!doMoving:()V@elevator.Lift
56!doMoving:()V@elevator.Lift
57!doMoving:()V@elevator.Lift
58!doMoving:()V@elevator.Lift
59!doMoving:()V@elevator.Lift
60!doMoving:()V@elevator.Lift
61!doMoving:()V@elevator.Lift
62!doMoving:()V@elevator.Lift
63!doMoving:()V@elevator.Lift
64!doMoving:()V@elevator.Lift
65!doMoving:()V@elevator.Lift
66!doMoving:()V@elevator.Lift
67!doMoving:()V@elevator.Lift
68!doMoving:()V@elevator.Lift
69!doMoving:()V@elevator.Lift
70!doMoving:()V@elevator.Lift
71!doMoving:()V@elevator.Lift
72!doMoving:()V@elevator.Lift
73!doMoving:()V@elevator.Lift
74!doMoving:()V@elevator.Lift
75!doMoving:()V@elevator.Lift
76!doMoving:()V@elevator.Lift
77!doMoving:()V@elevator.Lift
78!doMoving:()V@elevator.Lift
79!doMoving:()V@elevator.Lift
80!doMoving:()V@elevator.Lift
81!doMoving:()V@elevator.Lift
82!doMoving:()V@elevator.Lift
83!doMoving:()V@elevator.Lift
84!doMoving:()V@elevator.Lift
85!doMoving:()V@elevator.Lift
86!doMoving:()V@elevator.Lift
87!doMoving:()V@elevator.Lift
88!doMoving:()V@elevator.Lift
89!doMoving:()V@elevator.Lift
90!doMoving:()V@elevator.Lift
91!doMoving:()V@elevator.Lift
92!doMoving:()V@elevator.Lift
93!doMoving:()V@elevator.Lift
94!doMoving:()V@elevator.Lift
95!doMoving:()V@elevator.Lift
96!doMoving:()V@elevator.Lift
97!doMoving:()V@elevator.Lift
98!doMoving:()V@elevator.Lift
99!doMoving:()V@elevator.Lift
100!doMoving:()V@elevator.Lift
101!doMoving:()V@elevator.Lift
102!doMoving:()V@elevator.Lift
103!doMoving:()V@elevator.Lift
104!doMoving:()V@elevator.Lift
105!doMoving:()V@elevator.Lift
106!doMoving:()V@elevator.Lift
107!doMoving:()V@elevator.Lift
108!doMoving:()V@elevator.Lift
109!doMoving:()V@elevator.Lift
110!doMoving:()V@elevator.Lift
111!doMoving:()V@elevator.Lift
112!doMoving:()V@elevator.Lift
113!doMoving:()V@elevator.Lift
114!doMoving:()V@elevator.Lift
115!doMoving:()V@elevator.Lift
116!doMoving:()V@elevator.Lift
117!doMoving:()V@elevator.Lift
118!doMoving:()V@elevator.Lift
119!doMoving:()V@elevator.Lift
120!doMoving:()V@elevator.Lift
121!doMoving:()V@elevator.Lift
122!doMoving:()V@elevator.Lift
123!doMoving:()V@elevator.Lift
124!doMoving:()V@elevator.Lift
125!doMoving:()V@elevator.Lift
126!doMoving:()V@elevator.Lift
127!doMoving:()V@elevator.Lift
128!doMoving:()V@elevator.Lift
129!doMoving:()V@elevator.Lift
130!doMoving:()V@elevator.Lift
131!doMoving:()V@elevator.Lift
132!doMoving:()V@elevator.Lift
133!doMoving:()V@elevator.Lift
134!doMoving:()V@elevator.Lift
135!doMoving:()V@elevator.Lift
136!doMoving:()V@elevator.Lift
137!doMoving:()V@elevator.Lift
138!doMoving:()V@elevator.Lift
139!doMoving:()V@elevator.Lift
140!doMoving:()V@elevator.Lift
142!doMoving:()V@elevator.Lift
141!doMoving:()V@elevator.Lift
143!doMoving:()V@elevator.Lift
145!doMoving:()V@elevator.Lift
144!doMoving:()V@elevator.Lift
146!doMoving:()V@elevator.Lift
147!doMoving:()V@elevator.Lift
149!doMoving:()V@elevator.Lift
148!doMoving:()V@elevator.Lift
150!doMoving:()V@elevator.Lift
151!doMoving:()V@elevator.Lift
-2!doMoving:()V@elevator.Lift
-1!run:()V@elevator.Lift
1!run:()V@elevator.Lift
2!run:()V@elevator.Lift
41!run:()V@elevator.Lift
22!run:()V@elevator.Lift
25!run:()V@elevator.Lift
-2!run:()V@elevator.Lift
23!run:()V@elevator.Lift
24!run:()V@elevator.Lift
29!run:()V@elevator.Lift
28!run:()V@elevator.Lift
33!run:()V@elevator.Lift
34!run:()V@elevator.Lift
35!run:()V@elevator.Lift
38!run:()V@elevator.Lift
27!run:()V@elevator.Lift
26!run:()V@elevator.Lift
30!run:()V@elevator.Lift
31!run:()V@elevator.Lift
32!run:()V@elevator.Lift
36!run:()V@elevator.Lift
37!run:()V@elevator.Lift
39!run:()V@elevator.Lift
40!run:()V@elevator.Lift
-1!stopsAbove:()Z@elevator.Lift
1!stopsAbove:()Z@elevator.Lift
2!stopsAbove:()Z@elevator.Lift
3!stopsAbove:()Z@elevator.Lift
4!stopsAbove:()Z@elevator.Lift
39!stopsAbove:()Z@elevator.Lift
37!stopsAbove:()Z@elevator.Lift
21!stopsAbove:()Z@elevator.Lift
22!stopsAbove:()Z@elevator.Lift
23!stopsAbove:()Z@elevator.Lift
24!stopsAbove:()Z@elevator.Lift
-2!stopsAbove:()Z@elevator.Lift
25!stopsAbove:()Z@elevator.Lift
26!stopsAbove:()Z@elevator.Lift
27!stopsAbove:()Z@elevator.Lift
28!stopsAbove:()Z@elevator.Lift
29!stopsAbove:()Z@elevator.Lift
30!stopsAbove:()Z@elevator.Lift
33!stopsAbove:()Z@elevator.Lift
31!stopsAbove:()Z@elevator.Lift
32!stopsAbove:()Z@elevator.Lift
38!stopsAbove:()Z@elevator.Lift
34!stopsAbove:()Z@elevator.Lift
35!stopsAbove:()Z@elevator.Lift
36!stopsAbove:()Z@elevator.Lift
-1!stopsBelow:()Z@elevator.Lift
1!stopsBelow:()Z@elevator.Lift
2!stopsBelow:()Z@elevator.Lift
3!stopsBelow:()Z@elevator.Lift
4!stopsBelow:()Z@elevator.Lift
39!stopsBelow:()Z@elevator.Lift
37!stopsBelow:()Z@elevator.Lift
21!stopsBelow:()Z@elevator.Lift
22!stopsBelow:()Z@elevator.Lift
23!stopsBelow:()Z@elevator.Lift
24!stopsBelow:()Z@elevator.Lift
-2!stopsBelow:()Z@elevator.Lift
25!stopsBelow:()Z@elevator.Lift
26!stopsBelow:()Z@elevator.Lift
27!stopsBelow:()Z@elevator.Lift
28!stopsBelow:()Z@elevator.Lift
29!stopsBelow:()Z@elevator.Lift
30!stopsBelow:()Z@elevator.Lift
33!stopsBelow:()Z@elevator.Lift
31!stopsBelow:()Z@elevator.Lift
32!stopsBelow:()Z@elevator.Lift
38!stopsBelow:()Z@elevator.Lift
34!stopsBelow:()Z@elevator.Lift
35!stopsBelow:()Z@elevator.Lift
36!stopsBelow:()Z@elevator.Lift
